../Core/Src/main.c:59:6:set_servo_angle	32	static
../Core/Src/main.c:68:6:set_gripper_position	24	static
../Core/Src/main.c:79:6:update_all_servos	16	static
../Core/Src/main.c:110:5:main	48	static
../Core/Src/main.c:249:6:SystemClock_Config	88	static
../Core/Src/main.c:296:13:MX_TIM1_Init	96	static
../Core/Src/main.c:383:13:MX_TIM2_Init	64	static
../Core/Src/main.c:446:13:MX_USART2_UART_Init	8	static
../Core/Src/main.c:479:13:MX_GPIO_Init	48	static
../Core/Src/main.c:521:6:Error_Handler	4	static,ignoring_inline_asm
